// Jest Snapshot v1, https://goo.gl/fbAQLP

exports[`App component renders App 1`] = `
<Fragment>
  <BrowserRouter>
    <Switch>
      <Route
        component={[Function]}
        exact={true}
        path="/lyrics/:artistName/:songName"
      />
      <Route
        component={[Function]}
        exact={true}
        path="/:artistName"
      />
      <Route
        component={[Function]}
        exact={true}
        path="/:artistName/:artistID"
      />
      <Route
        component={[Function]}
        exact={true}
        path="/:artistName/:albumName/:releaseID"
      />
      <Route
        component={[Function]}
        exact={true}
        path="/"
      />
    </Switch>
  </BrowserRouter>
</Fragment>
`;
